<html>
<body>
<pre>
<h1>µVision Build Log</h1>
<h2>Tool Versions:</h2>
IDE-Version: ¦ÌVision V5.14.0.0
Copyright (C) 2015 ARM Ltd and ARM Germany GmbH. All rights reserved.
License Information: A xx411523xx@outlook.com, A, LIC=PE72Z-JTYCE-2L4CT-R7DL0-88HHC-L4FJ3
 
Tool Versions:
Toolchain:       MDK-ARM Standard  Version: 5.14.0.0
Toolchain Path:  D:\Keil_v5\ARM\ARMCC\Bin
C Compiler:      Armcc.exe V5.05 update 1 (build 106)
Assembler:       Armasm.exe V5.05 update 1 (build 106)
Linker/Locator:  ArmLink.exe V5.05 update 1 (build 106)
Library Manager: ArmAr.exe V5.05 update 1 (build 106)
Hex Converter:   FromElf.exe V5.05 update 1 (build 106)
CPU DLL:         SARMCM3.DLL V5.14.0.0
Dialog DLL:      DCM.DLL V1.13.1.0
Target DLL:      STLink\ST-LINKIII-KEIL_SWO.dll V2.0.14.0_KEIL
Dialog DLL:      TCM.DLL V1.14.4.0
 
<h2>Project:</h2>
D:\PROJECTX\4-------------------STM32_IAP_QT\IAP_V2\stm32\USER\IIC.uvprojx
Project File Date:  11/01/2018

<h2>Output:</h2>
Build target 'IIC'
compiling main.c...
compiling stm32f10x_it.c...
compiling system_stm32f10x.c...
compiling led.c...
compiling timer.c...
compiling wdg.c...
compiling yan.c...
compiling delay.c...
compiling sys.c...
compiling core_cm3.c...
assembling startup_stm32f10x_hd.s...
compiling misc.c...
compiling stm32f10x_fsmc.c...
compiling stm32f10x_gpio.c...
compiling stm32f10x_rcc.c...
compiling stm32f10x_usart.c...
compiling stm32f10x_tim.c...
compiling stm32f10x_adc.c...
compiling stm32f10x_spi.c...
compiling stm32f10x_dma.c...
compiling stm32f10x_iwdg.c...
compiling stm32f10x_flash.c...
compiling stm32f10x_exti.c...
compiling common.c...
compiling iap.c...
..\IAP\src\iap.c(304): warning:  #550-D: variable "NbrOfPage" was set but never used
      uint32_t NbrOfPage = 0;
..\IAP\src\iap.c(308): warning:  #177-D: variable "FLASHStatus" was declared but never referenced
      FLASH_Status FLASHStatus = FLASH_COMPLETE;
..\IAP\src\iap.c(373): warning:  #1-D: last line of file ends without a newline
  }
..\IAP\src\iap.c(342): warning:  #550-D: variable "NbrOfPage" was set but never used
      uint32_t NbrOfPage = 0;
..\IAP\src\iap.c(346): warning:  #177-D: variable "FLASHStatus" was declared but never referenced
      FLASH_Status FLASHStatus = FLASH_COMPLETE;
..\IAP\src\iap.c: 5 warnings, 0 errors
compiling stmflash.c...
compiling ymodem.c...
linking...
Program Size: Code=16304 RO-data=336 RW-data=84 ZI-data=4964  
FromELF: creating hex file...
"..\OBJ\IIC.axf" - 0 Error(s), 5 Warning(s).

<h2>Collection of Component include folders:</h2>
  D:\PROJECTX\4-------------------STM32_IAP_QT\IAP_V2\stm32\USER\RTE
  D:\Keil_v5\ARM\PACK\Keil\STM32F1xx_DFP\1.0.5\Device\Include

<h2>Collection of Component Files used:</h2>
</pre>
</body>
</html>
